GAMS 32.2.0  rc62c018 Released Aug 26, 2020 DEX-DEG x86 64bit/Mac OS X - 09/11/20 22:21:07 Page 1
G e n e r a l   A l g e b r a i c   M o d e l i n g   S y s t e m
C o m p i l a t i o n


   1  set woodcrafts /bookcase, desk, chair, bedframe/;
   2   
   3  parameters
   4  time(woodcrafts) /bookcase 3,desk 2,chair 1,bedframe 2/,
   5  metal(woodcrafts) /bookcase 1,desk 1,chair 1,bedframe 1/,
   6  wood(woodcrafts) /bookcase 4,desk 3,chair 3,bedframe 4/,
   7  profit(woodcrafts) /bookcase 19,desk 13,chair 12,bedframe 17/;
   8   
   9  positive variable
  10  x(woodcrafts);
  11   
  12  free variable
  13  z;
  14   
  15  equations
  16  time1,
  17  metal1,
  18  wood1,
  19  profit1;
  20   
  21  time1..
  22  sum(woodcrafts,time(woodcrafts)*x(woodcrafts)) =l= 225;
  23   
  24  metal1..
  25  sum(woodcrafts,metal(woodcrafts)*x(woodcrafts)) =l= 117;
  26   
  27  wood1..
  28  sum(woodcrafts,wood(woodcrafts)*x(woodcrafts)) =l= 420;
  29   
  30  profit1..
  31  z =e= sum(woodcrafts,profit(woodcrafts)*x(woodcrafts));
  32   
  33  model pro4 /all/;
  34   
  35  solve pro4 using lp maximizing z;
  36   
  37  display x.l, z.l;


COMPILATION TIME     =        0.003 SECONDS      3 MB  32.2.0 rc62c018 DEX-DEG
GAMS 32.2.0  rc62c018 Released Aug 26, 2020 DEX-DEG x86 64bit/Mac OS X - 09/11/20 22:21:07 Page 2
G e n e r a l   A l g e b r a i c   M o d e l i n g   S y s t e m
Equation Listing    SOLVE pro4 Using LP From line 35


---- time1  =L=  

time1..  3*x(bookcase) + 2*x(desk) + x(chair) + 2*x(bedframe) =L= 225 ; (LHS = 0)
     

---- metal1  =L=  

metal1..  x(bookcase) + x(desk) + x(chair) + x(bedframe) =L= 117 ; (LHS = 0)
     

---- wood1  =L=  

wood1..  4*x(bookcase) + 3*x(desk) + 3*x(chair) + 4*x(bedframe) =L= 420 ; (LHS = 0)
     

---- profit1  =E=  

profit1..  - 19*x(bookcase) - 13*x(desk) - 12*x(chair) - 17*x(bedframe) + z =E= 0 ; (LHS = 0)
     
GAMS 32.2.0  rc62c018 Released Aug 26, 2020 DEX-DEG x86 64bit/Mac OS X - 09/11/20 22:21:07 Page 3
G e n e r a l   A l g e b r a i c   M o d e l i n g   S y s t e m
Column Listing      SOLVE pro4 Using LP From line 35


---- x  

x(bookcase)
                (.LO, .L, .UP, .M = 0, 0, +INF, 0)
        3       time1
        1       metal1
        4       wood1
      -19       profit1

x(desk)
                (.LO, .L, .UP, .M = 0, 0, +INF, 0)
        2       time1
        1       metal1
        3       wood1
      -13       profit1

x(chair)
                (.LO, .L, .UP, .M = 0, 0, +INF, 0)
        1       time1
        1       metal1
        3       wood1
      -12       profit1

REMAINING ENTRY SKIPPED

---- z  

z
                (.LO, .L, .UP, .M = -INF, 0, +INF, 0)
        1       profit1

GAMS 32.2.0  rc62c018 Released Aug 26, 2020 DEX-DEG x86 64bit/Mac OS X - 09/11/20 22:21:07 Page 4
G e n e r a l   A l g e b r a i c   M o d e l i n g   S y s t e m
Model Statistics    SOLVE pro4 Using LP From line 35


MODEL STATISTICS

BLOCKS OF EQUATIONS           4     SINGLE EQUATIONS            4
BLOCKS OF VARIABLES           2     SINGLE VARIABLES            5
NON ZERO ELEMENTS            17


GENERATION TIME      =        0.018 SECONDS      4 MB  32.2.0 rc62c018 DEX-DEG
GAMS 32.2.0  rc62c018 Released Aug 26, 2020 DEX-DEG x86 64bit/Mac OS X - 09/11/20 22:21:07 Page 5
G e n e r a l   A l g e b r a i c   M o d e l i n g   S y s t e m
Solution Report     SOLVE pro4 Using LP From line 35


               S O L V E      S U M M A R Y

     MODEL   pro4                OBJECTIVE  z
     TYPE    LP                  DIRECTION  MAXIMIZE
     SOLVER  CPLEX               FROM LINE  35

**** SOLVER STATUS     1 Normal Completion         
**** MODEL STATUS      1 Optimal                   
**** OBJECTIVE VALUE             1827.0000

 RESOURCE USAGE, LIMIT          0.074 10000000000.000
 ITERATION COUNT, LIMIT         3    2147483647

IBM ILOG CPLEX   32.2.0 rc62c018 Released Aug 26, 2020 DEG x86 64bit/Mac OS X 
--- GAMS/Cplex Link licensed for continuous and discrete problems.
Cplex 12.10.0.0

Space for names approximately 0.00 Mb
Use option 'names no' to turn use of names off
LP status(1): optimal
Cplex Time: 0.03sec (det. 0.01 ticks)
Optimal solution found.
Objective :        1827.000000


                           LOWER          LEVEL          UPPER         MARGINAL

---- EQU time1             -INF          225.0000       225.0000         2.0000      
---- EQU metal1            -INF          117.0000       117.0000         1.0000      
---- EQU wood1             -INF          420.0000       420.0000         3.0000      
---- EQU profit1             .              .              .             1.0000      

---- VAR x  

                LOWER          LEVEL          UPPER         MARGINAL

bookcase          .            39.0000        +INF             .          
desk              .              .            +INF           -1.0000      
chair             .            48.0000        +INF             .          
bedframe          .            30.0000        +INF             .          

                           LOWER          LEVEL          UPPER         MARGINAL

---- VAR z                 -INF         1827.0000        +INF             .          


**** REPORT SUMMARY :        0     NONOPT
                             0 INFEASIBLE
                             0  UNBOUNDED
GAMS 32.2.0  rc62c018 Released Aug 26, 2020 DEX-DEG x86 64bit/Mac OS X - 09/11/20 22:21:07 Page 6
G e n e r a l   A l g e b r a i c   M o d e l i n g   S y s t e m
E x e c u t i o n


----     37 VARIABLE x.L  

bookcase 39.000,    chair    48.000,    bedframe 30.000


----     37 VARIABLE z.L                   =     1827.000  


EXECUTION TIME       =        0.134 SECONDS      4 MB  32.2.0 rc62c018 DEX-DEG


USER: Introduction to Optimization (CS/ISyE/ECE 524) S200826/0001AB-GEN
      University of Wisconsin-Madison, Computer Sciences Dept.   DCE850
      License for teaching and research at degree granting institutions


**** FILE SUMMARY

Input      /Users/greta/Documents/GAMS/Studio/workspace/hw1-4.gms
Output     /Users/greta/Documents/GAMS/Studio/workspace/hw1-4.lst
